[08:26:54 14-06-2021] SQLSTATE[HY000] [2002] No connection could be made because the target machine actively refused it.

[08:27:36 14-06-2021] SQLSTATE[HY000] [2002] No connection could be made because the target machine actively refused it.

[08:27:54 14-06-2021] SQLSTATE[HY000] [2002] No connection could be made because the target machine actively refused it.

[08:28:40 14-06-2021] SQLSTATE[HY000] [2002] No connection could be made because the target machine actively refused it.

[08:29:57 14-06-2021] SQLSTATE[HY000] [2002] No connection could be made because the target machine actively refused it.

[08:45:00 14-06-2021] Class 'App\Mode\Bulletin' not found
[08:48:14 14-06-2021] Class 'App\Mode\Bulletin' not found
[08:48:22 14-06-2021] Class 'App\Mode\Bulletin' not found
[08:51:09 14-06-2021] Class 'App\Mode\Bulletin' not found
[08:51:53 14-06-2021] Class 'App\Mode\Bulletin' not found
[08:52:39 14-06-2021] Class 'App\Mode\Bulletin' not found
[08:53:42 14-06-2021] Class 'App\Mode\Bulletin' not found
[08:54:24 14-06-2021] Class 'App\Mode\Bulletin' not found
[08:55:47 14-06-2021] SQLSTATE[HY000] [2002] No connection could be made because the target machine actively refused it.

[08:57:05 14-06-2021] SQLSTATE[HY000] [2002] php_network_getaddresses: getaddrinfo failed: No such host is known. 
